// Jest Snapshot v1, https://goo.gl/fbAQLP

exports[`SearchBoxes component Matches the snapshot 1`] = `<searchBoxes />`;
