// Jest Snapshot v1, https://goo.gl/fbAQLP

exports[`searchBoxes component Matches the snapshot 1`] = `<searchBoxes />`;
