// Jest Snapshot v1, https://goo.gl/fbAQLP

exports[`SearchResult component Matches the snapshot 1`] = `<searchResult />`;
